C:\repo\ConTaiNer\map.h
C:\repo\ConTaiNer\queue.h
C:\repo\ConTaiNer\set.h
C:\repo\ConTaiNer\vector.H
C:\repo\strings\StrinG.cPp
C:\repo\strings\StrinG.h
