C:\repo\ConTaiNer\map.h
C:\repo\ConTaiNer\set.h
C:\repo\ConTaiNer\vector.H
