C:\repo\ptr\shared_ptr.h
C:\repo\ptr\unique_ptr.h
